{
  "version": "1.5.0",
  "plugins_used": [
    {
      "name": "ArtifactoryDetector"
    },
    {
      "name": "AWSKeyDetector"
    },
    {
      "name": "AzureStorageKeyDetector"
    },
    {
      "name": "Base64HighEntropyString",
      "limit": 4.5
    },
    {
      "name": "BasicAuthDetector"
    },
    {
      "name": "CloudantDetector"
    },
    {
      "name": "DiscordBotTokenDetector"
    },
    {
      "name": "GitHubTokenDetector"
    },
    {
      "name": "GitLabTokenDetector"
    },
    {
      "name": "HexHighEntropyString",
      "limit": 3.0
    },
    {
      "name": "IbmCloudIamDetector"
    },
    {
      "name": "IbmCosHmacDetector"
    },
    {
      "name": "IPPublicDetector"
    },
    {
      "name": "JwtTokenDetector"
    },
    {
      "name": "KeywordDetector",
      "keyword_exclude": ""
    },
    {
      "name": "MailchimpDetector"
    },
    {
      "name": "NpmDetector"
    },
    {
      "name": "OpenAIDetector"
    },
    {
      "name": "PrivateKeyDetector"
    },
    {
      "name": "PypiTokenDetector"
    },
    {
      "name": "SendGridDetector"
    },
    {
      "name": "SlackDetector"
    },
    {
      "name": "SoftlayerDetector"
    },
    {
      "name": "SquareOAuthDetector"
    },
    {
      "name": "StripeDetector"
    },
    {
      "name": "TelegramBotTokenDetector"
    },
    {
      "name": "TwilioKeyDetector"
    }
  ],
  "filters_used": [
    {
      "path": "detect_secrets.filters.allowlist.is_line_allowlisted"
    },
    {
      "path": "detect_secrets.filters.common.is_baseline_file",
      "filename": ".secrets.baseline"
    },
    {
      "path": "detect_secrets.filters.common.is_ignored_due_to_verification_policies",
      "min_level": 2
    },
    {
      "path": "detect_secrets.filters.heuristic.is_indirect_reference"
    },
    {
      "path": "detect_secrets.filters.heuristic.is_likely_id_string"
    },
    {
      "path": "detect_secrets.filters.heuristic.is_lock_file"
    },
    {
      "path": "detect_secrets.filters.heuristic.is_not_alphanumeric_string"
    },
    {
      "path": "detect_secrets.filters.heuristic.is_potential_uuid"
    },
    {
      "path": "detect_secrets.filters.heuristic.is_prefixed_with_dollar_sign"
    },
    {
      "path": "detect_secrets.filters.heuristic.is_sequential_string"
    },
    {
      "path": "detect_secrets.filters.heuristic.is_swagger_file"
    },
    {
      "path": "detect_secrets.filters.heuristic.is_templated_secret"
    }
  ],
  "results": {
    ".env.example": [
      {
        "type": "Basic Auth Credentials",
        "filename": ".env.example",
        "hashed_secret": "9dc1db11ad86c4c0d06571af628d38877ad6ad5e",
        "is_verified": false,
        "line_number": 2
      }
    ],
    ".github/workflows/ci.yml": [
      {
        "type": "Secret Keyword",
        "filename": ".github/workflows/ci.yml",
        "hashed_secret": "1b1dca8e5eec52abebda84db314ecf365c53edb1",
        "is_verified": false,
        "line_number": 33
      }
    ],
    "README.md": [
      {
        "type": "Basic Auth Credentials",
        "filename": "README.md",
        "hashed_secret": "9dc1db11ad86c4c0d06571af628d38877ad6ad5e",
        "is_verified": false,
        "line_number": 127
      }
    ],
    "app/core/config.py": [
      {
        "type": "Basic Auth Credentials",
        "filename": "app/core/config.py",
        "hashed_secret": "9dc1db11ad86c4c0d06571af628d38877ad6ad5e",
        "is_verified": false,
        "line_number": 11
      }
    ],
    "app/services/llm_client.py": [
      {
        "type": "Secret Keyword",
        "filename": "app/services/llm_client.py",
        "hashed_secret": "7dbb1db526dade6c4e93f3e664734bd773631c05",
        "is_verified": false,
        "line_number": 30
      }
    ],
    "app/services/supply_chain_graph_neo4j.py": [
      {
        "type": "Secret Keyword",
        "filename": "app/services/supply_chain_graph_neo4j.py",
        "hashed_secret": "259fc020f01e9525409d41e114db31890fd604d2",
        "is_verified": false,
        "line_number": 15
      }
    ],
    "docker-compose.yml": [
      {
        "type": "Basic Auth Credentials",
        "filename": "docker-compose.yml",
        "hashed_secret": "9dc1db11ad86c4c0d06571af628d38877ad6ad5e",
        "is_verified": false,
        "line_number": 5
      },
      {
        "type": "Secret Keyword",
        "filename": "docker-compose.yml",
        "hashed_secret": "259fc020f01e9525409d41e114db31890fd604d2",
        "is_verified": false,
        "line_number": 17
      },
      {
        "type": "Secret Keyword",
        "filename": "docker-compose.yml",
        "hashed_secret": "9dc1db11ad86c4c0d06571af628d38877ad6ad5e",
        "is_verified": false,
        "line_number": 55
      }
    ],
    "tests/test_company_filings.py": [
      {
        "type": "Secret Keyword",
        "filename": "tests/test_company_filings.py",
        "hashed_secret": "07dc0f370970cc7bd004bb2364f9e7bc8c8058ad",
        "is_verified": false,
        "line_number": 1454
      }
    ],
    "tests/test_db_status.py": [
      {
        "type": "Basic Auth Credentials",
        "filename": "tests/test_db_status.py",
        "hashed_secret": "5baa61e4c9b93f3f0682250b6cf8331b7ee68fd8",
        "is_verified": false,
        "line_number": 7
      }
    ],
    "tests/test_llm_api.py": [
      {
        "type": "Secret Keyword",
        "filename": "tests/test_llm_api.py",
        "hashed_secret": "56e1d57b8db262b08bc73c60ed08d8c92e59503f",
        "is_verified": false,
        "line_number": 17
      },
      {
        "type": "Secret Keyword",
        "filename": "tests/test_llm_api.py",
        "hashed_secret": "e184b402822abc549b37689c84e8e0e33c39a1f1",
        "is_verified": false,
        "line_number": 18
      }
    ],
    "tests/test_llm_client.py": [
      {
        "type": "Secret Keyword",
        "filename": "tests/test_llm_client.py",
        "hashed_secret": "48854c46907b8f99e4c4c711f3fb7336a93bc290",
        "is_verified": false,
        "line_number": 64
      },
      {
        "type": "Secret Keyword",
        "filename": "tests/test_llm_client.py",
        "hashed_secret": "d993712a5afdeeab4f89c8e544eb851109e5ae62",
        "is_verified": false,
        "line_number": 134
      },
      {
        "type": "Secret Keyword",
        "filename": "tests/test_llm_client.py",
        "hashed_secret": "e184b402822abc549b37689c84e8e0e33c39a1f1",
        "is_verified": false,
        "line_number": 220
      },
      {
        "type": "Secret Keyword",
        "filename": "tests/test_llm_client.py",
        "hashed_secret": "56e1d57b8db262b08bc73c60ed08d8c92e59503f",
        "is_verified": false,
        "line_number": 255
      },
      {
        "type": "Secret Keyword",
        "filename": "tests/test_llm_client.py",
        "hashed_secret": "99d71e690e1e81f9cc70769139029d39ae81a31f",
        "is_verified": false,
        "line_number": 671
      },
      {
        "type": "Secret Keyword",
        "filename": "tests/test_llm_client.py",
        "hashed_secret": "c734e47630dda71619c696d88381f06f7511bd78",
        "is_verified": false,
        "line_number": 764
      }
    ],
    "tests/test_market_data.py": [
      {
        "type": "Secret Keyword",
        "filename": "tests/test_market_data.py",
        "hashed_secret": "030d839da63cb4a63e182ea110389a55f2056b7c",
        "is_verified": false,
        "line_number": 248
      }
    ],
    "tests/test_rag_reranker.py": [
      {
        "type": "Secret Keyword",
        "filename": "tests/test_rag_reranker.py",
        "hashed_secret": "bc8ec2244abf876394df9e61533fbd58338ffd0d",
        "is_verified": false,
        "line_number": 140
      },
      {
        "type": "Secret Keyword",
        "filename": "tests/test_rag_reranker.py",
        "hashed_secret": "3acfb2c2b433c0ea7ff107e33df91b18e52f960f",
        "is_verified": false,
        "line_number": 443
      }
    ],
    "tests/test_service_status.py": [
      {
        "type": "Basic Auth Credentials",
        "filename": "tests/test_service_status.py",
        "hashed_secret": "e5e9fa1ba31ecd1ae84f75caaa474f3a663f05f4",
        "is_verified": false,
        "line_number": 6
      }
    ],
    "tests/test_session.py": [
      {
        "type": "Basic Auth Credentials",
        "filename": "tests/test_session.py",
        "hashed_secret": "5baa61e4c9b93f3f0682250b6cf8331b7ee68fd8",
        "is_verified": false,
        "line_number": 85
      }
    ],
    "tests/test_start_system.py": [
      {
        "type": "Secret Keyword",
        "filename": "tests/test_start_system.py",
        "hashed_secret": "259fc020f01e9525409d41e114db31890fd604d2",
        "is_verified": false,
        "line_number": 340
      }
    ],
    "tests/test_supply_chain_graph_neo4j.py": [
      {
        "type": "Secret Keyword",
        "filename": "tests/test_supply_chain_graph_neo4j.py",
        "hashed_secret": "e5e9fa1ba31ecd1ae84f75caaa474f3a663f05f4",
        "is_verified": false,
        "line_number": 78
      }
    ],
    "tests/test_system_backup.py": [
      {
        "type": "Basic Auth Credentials",
        "filename": "tests/test_system_backup.py",
        "hashed_secret": "e5e9fa1ba31ecd1ae84f75caaa474f3a663f05f4",
        "is_verified": false,
        "line_number": 83
      }
    ],
    "tests/test_vector_store.py": [
      {
        "type": "Secret Keyword",
        "filename": "tests/test_vector_store.py",
        "hashed_secret": "e9a5f12a8ecbb3eb46eca5096b5c52aa5e7c9fdd",
        "is_verified": false,
        "line_number": 858
      },
      {
        "type": "Secret Keyword",
        "filename": "tests/test_vector_store.py",
        "hashed_secret": "b850f62fd8bf72543ed501d74c94526f2fa3ceea",
        "is_verified": false,
        "line_number": 902
      },
      {
        "type": "Secret Keyword",
        "filename": "tests/test_vector_store.py",
        "hashed_secret": "a3e377a495e6899481000fa519f2c5572eb0085f",
        "is_verified": false,
        "line_number": 959
      },
      {
        "type": "Secret Keyword",
        "filename": "tests/test_vector_store.py",
        "hashed_secret": "1db4aba2bc9d400d5e75f5473ff811cd819a436d",
        "is_verified": false,
        "line_number": 987
      },
      {
        "type": "Secret Keyword",
        "filename": "tests/test_vector_store.py",
        "hashed_secret": "09c295b6fb6e825b0b3872c5bc56f9ec58e94343",
        "is_verified": false,
        "line_number": 988
      },
      {
        "type": "Secret Keyword",
        "filename": "tests/test_vector_store.py",
        "hashed_secret": "9f8ec7eb95e074ef035c3a2cb83bc1afc6e78eba",
        "is_verified": false,
        "line_number": 1005
      },
      {
        "type": "Secret Keyword",
        "filename": "tests/test_vector_store.py",
        "hashed_secret": "99d71e690e1e81f9cc70769139029d39ae81a31f",
        "is_verified": false,
        "line_number": 1041
      }
    ],
    "tests/test_visual_rag.py": [
      {
        "type": "Secret Keyword",
        "filename": "tests/test_visual_rag.py",
        "hashed_secret": "a62f2225bf70bfaccbc7f1ef2a397836717377de",
        "is_verified": false,
        "line_number": 42
      }
    ]
  },
  "generated_at": "2026-06-07T22:01:10Z"
}
